Microchip MPLAB XC8 Compiler V2.41

Linker command line:

-W-3 \
  --edf=C:/Program Files/Microchip/MPLABX/v6.15/packs/Microchip/PIC18Fxxxx_DFP/1.4.151/xc8\pic\dat\20230323171731_en.msgs \
  -cn -h+dist/default/production\application.production.sym \
  --cmf=dist/default/production\application.production.cmf -z -Q18F4620 \
  -oC:\Users\mohop\AppData\Local\Temp\xcAs924.\driver_tmp_3.o \
  --defsym=__MPLAB_BUILD=1 --fixupoverflow=error \
  -Mdist/default/production/application.production.map \
  --md=C:\Users\mohop\AppData\Local\Temp\xcAs924.\driver_tmp_0.dat -E1 \
  -ver=XC8 Compiler --acfsm=1493 -ACODE=00h-0FFFFh -ACONST=00h-0FFFFh \
  -ASMALLCONST=01000h-010FFhx240 -AMEDIUMCONST=01000h-0FFFFh \
  -ACOMRAM=01h-07Fh -AABS1=00h-0F7Fh -ABIGRAM=01h-0F7Fh \
  -ARAM=080h-0FFh,0100h-01FFhx14,0F00h-0F7Fh -ABANK0=080h-0FFh \
  -ABANK1=0100h-01FFh -ABANK2=0200h-02FFh -ABANK3=0300h-03FFh \
  -ABANK4=0400h-04FFh -ABANK5=0500h-05FFh -ABANK6=0600h-06FFh \
  -ABANK7=0700h-07FFh -ABANK8=0800h-08FFh -ABANK9=0900h-09FFh \
  -ABANK10=0A00h-0AFFh -ABANK11=0B00h-0BFFh -ABANK12=0C00h-0CFFh \
  -ABANK13=0D00h-0DFFh -ABANK14=0E00h-0EFFh -ABANK15=0F00h-0F7Fh \
  -ASFR=0F80h-0FFFh -ABIGSFR=0F80h-0FFFh -ACONFIG=0300000h-030000Dh \
  -AIDLOC=0200000h-0200007h -AEEDATA=0F00000h-0F003FFh -peeprom_data=EEDATA \
  -preset_vec=00h,intcode=08h,intcodelo=018h,powerup,init -pramtop=01000h \
  -psmallconst=SMALLCONST -pmediumconst=MEDIUMCONST -pconst=CONST \
  -AFARRAM=00h-00h \
  -prdata=COMRAM,nvrram=COMRAM,nvbit=COMRAM,rbss=COMRAM,rbit=COMRAM \
  -pfarbss=FARRAM,fardata=FARRAM,nvFARRAM=FARRAM \
  -pintsave_regs=BIGRAM,bigbss=BIGRAM,bigdata=BIGRAM -pbss=RAM \
  -pidata=CODE,irdata=CODE,ibigdata=CODE,ifardata=CODE -prparam=COMRAM \
  C:\Users\mohop\AppData\Local\Temp\xcAs924.\driver_tmp_14.o \
  dist/default/production\application.production.o 

Object code version is 3.11

Machine type is 18F4620



                Name                               Link     Load   Length Selector   Space Scale
C:\Users\mohop\AppData\Local\Temp\xcAs924.\driver_tmp_14.o
                config                           300000   300000        E        0       4
                init                                260      260        4        C       0
                reset_vec                             0        0        4        0       0
dist/default/production\application.production.o
                intcodelo                            18       18      248        C       0
                intcode                               8        8        6        4       0
                config                           300000   300000        E        0       4
                temp                                 58       58        1        1       1
                smallconst                         1000     1000       8A      800       0
                text88                             442E     442E        4      845       0
                text87                             442A     442A        4      845       0
                text86                             3750     3750       A6      845       0
                text85                             2B9A     2B9A      122      845       0
                text84                             42B6     42B6       2E      845       0
                text83                             4288     4288       2E      845       0
                text82                             4426     4426        4      845       0
                text81                             4422     4422        4      845       0
                text80                             441E     441E        4      845       0
                text79                             441A     441A        4      845       0
                text78                             4416     4416        4      845       0
                text77                             4412     4412        4      845       0
                text76                             43D0     43D0        C      845       0
                text75                             440E     440E        4      845       0
                text74                             41F6     41F6       36      845       0
                text73                             43EC     43EC        6      845       0
                text72                             43C4     43C4        C      845       0
                intcode_body                       1852     1852      250      845       0
                text70                             440A     440A        4      845       0
                text69                             36AA     36AA       A6      845       0
                text68                             2944     2944      12C      845       0
                text67                             425A     425A       2E      845       0
                text66                             422C     422C       2E      845       0
                text65                             4406     4406        4      845       0
                text64                             4402     4402        4      845       0
                text63                             43FE     43FE        4      845       0
                text62                             43FA     43FA        4      845       0
                text61                             43F6     43F6        4      845       0
                text60                             43F2     43F2        4      845       0
                text59                             43B8     43B8        C      845       0
                text58                             439E     439E        E      845       0
                text57                             41C0     41C0       36      845       0
                text56                             43E6     43E6        6      845       0
                text55                             43AC     43AC        C      845       0
                text53                             14B6     14B6      39C      845       0
                text52                             108A     108A      42C      845       0
                text51                             2CBC     2CBC      11E      845       0
                text50                             1C84     1C84      1B8      845       0
                text49                             214E     214E      168      845       0
                text48                             4338     4338       20      845       0
                text47                             3EE2     3EE2       6E      845       0
                text46                             1AA2     1AA2      1E2      845       0
                text45                             1FD6     1FD6      178      845       0
                text44                             3326     3326       C4      845       0
                text43                             3554     3554       B0      845       0
                text42                             4142     4142       42      845       0
                text41                             4432     4432        2      845       0
                text40                             3196     3196       CA      845       0
                text39                             40B6     40B6       48      845       0
                text38                             3C14     3C14       7E      845       0
                text37                             1E3C     1E3C      19A      845       0
                text36                             2818     2818      12C      845       0
                text35                             4062     4062       54      845       0
                text34                             3FB4     3FB4       58      845       0
                text33                             3260     3260       C6      845       0
                text32                             33EA     33EA       B8      845       0
                text31                             26CA     26CA      14E      845       0
                text30                             400C     400C       56      845       0
                text29                             37F6     37F6       92      845       0
                text28                             3B96     3B96       7E      845       0
                text27                             3918     3918       84      845       0
                text26                             3B18     3B18       7E      845       0
                text25                             34A2     34A2       B2      845       0
                text24                             3E70     3E70       72      845       0
                text23                             30B2     30B2       E4      845       0
                text22                             22B6     22B6      162      845       0
                text21                             3888     3888       90      845       0
                text20                             2572     2572      158      845       0
                text19                             438E     438E       10      845       0
                text18                             3DFA     3DFA       76      845       0
                text17                             2418     2418      15A      845       0
                text16                             3D82     3D82       78      845       0
                text15                             3D0A     3D0A       78      845       0
                text14                             3C92     3C92       78      845       0
                text13                             3604     3604       A6      845       0
                text12                             2A70     2A70      12A      845       0
                text11                             2DDA     2DDA       F8      845       0
                text10                             4184     4184       3C      845       0
                text9                              40FE     40FE       44      845       0
                text8                              3A9A     3A9A       7E      845       0
                text7                              2FC4     2FC4       EE      845       0
                text6                              42E4     42E4       2C      845       0
                text5                              3A1C     3A1C       7E      845       0
                text4                              4310     4310       28      845       0
                text3                              436C     436C       12      845       0
                text2                              43DC     43DC        A      845       0
                text1                              2ED2     2ED2       F2      845       0
                text0                              3F50     3F50       64      845       0
                cstackCOMRAM                          1        1       30        1       1
                cstackBANK0                          80       80       46       80       1
                cstackBANK1                         15E      15E       28      100       1
                dataBANK1                           186      186       14      100       1
                bssBANK1                            100      100       5E      100       1
                dataBANK0                            EF       EF       10       80       1
                bssBANK0                             C6       C6       29       80       1
                dataCOMRAM                           57       57        1        1       1
                bssCOMRAM                            31       31       26        1       1
                cinit                              399C     399C       80      845       0
                nvBANK0                              FF       FF        1       80       1
                idataBANK1                         4358     4358       14      845       0
                idataBANK0                         437E     437E       10      845       0
                idataCOMRAM                        4434     4434        1      845       0

TOTAL           Name                               Link     Load   Length     Space
        CLASS   CODE           
                intcodelo                            18       18      248         0
                intcode                               8        8        6         0
                init                                260      260        4         0
                reset_vec                             0        0        4         0
                text88                             442E     442E        4         0
                text87                             442A     442A        4         0
                text86                             3750     3750       A6         0
                text85                             2B9A     2B9A      122         0
                text84                             42B6     42B6       2E         0
                text83                             4288     4288       2E         0
                text82                             4426     4426        4         0
                text81                             4422     4422        4         0
                text80                             441E     441E        4         0
                text79                             441A     441A        4         0
                text78                             4416     4416        4         0
                text77                             4412     4412        4         0
                text76                             43D0     43D0        C         0
                text75                             440E     440E        4         0
                text74                             41F6     41F6       36         0
                text73                             43EC     43EC        6         0
                text72                             43C4     43C4        C         0
                intcode_body                       1852     1852      250         0
                text70                             440A     440A        4         0
                text69                             36AA     36AA       A6         0
                text68                             2944     2944      12C         0
                text67                             425A     425A       2E         0
                text66                             422C     422C       2E         0
                text65                             4406     4406        4         0
                text64                             4402     4402        4         0
                text63                             43FE     43FE        4         0
                text62                             43FA     43FA        4         0
                text61                             43F6     43F6        4         0
                text60                             43F2     43F2        4         0
                text59                             43B8     43B8        C         0
                text58                             439E     439E        E         0
                text57                             41C0     41C0       36         0
                text56                             43E6     43E6        6         0
                text55                             43AC     43AC        C         0
                text53                             14B6     14B6      39C         0
                text52                             108A     108A      42C         0
                text51                             2CBC     2CBC      11E         0
                text50                             1C84     1C84      1B8         0
                text49                             214E     214E      168         0
                text48                             4338     4338       20         0
                text47                             3EE2     3EE2       6E         0
                text46                             1AA2     1AA2      1E2         0
                text45                             1FD6     1FD6      178         0
                text44                             3326     3326       C4         0
                text43                             3554     3554       B0         0
                text42                             4142     4142       42         0
                text41                             4432     4432        2         0
                text40                             3196     3196       CA         0
                text39                             40B6     40B6       48         0
                text38                             3C14     3C14       7E         0
                text37                             1E3C     1E3C      19A         0
                text36                             2818     2818      12C         0
                text35                             4062     4062       54         0
                text34                             3FB4     3FB4       58         0
                text33                             3260     3260       C6         0
                text32                             33EA     33EA       B8         0
                text31                             26CA     26CA      14E         0
                text30                             400C     400C       56         0
                text29                             37F6     37F6       92         0
                text28                             3B96     3B96       7E         0
                text27                             3918     3918       84         0
                text26                             3B18     3B18       7E         0
                text25                             34A2     34A2       B2         0
                text24                             3E70     3E70       72         0
                text23                             30B2     30B2       E4         0
                text22                             22B6     22B6      162         0
                text21                             3888     3888       90         0
                text20                             2572     2572      158         0
                text19                             438E     438E       10         0
                text18                             3DFA     3DFA       76         0
                text17                             2418     2418      15A         0
                text16                             3D82     3D82       78         0
                text15                             3D0A     3D0A       78         0
                text14                             3C92     3C92       78         0
                text13                             3604     3604       A6         0
                text12                             2A70     2A70      12A         0
                text11                             2DDA     2DDA       F8         0
                text10                             4184     4184       3C         0
                text9                              40FE     40FE       44         0
                text8                              3A9A     3A9A       7E         0
                text7                              2FC4     2FC4       EE         0
                text6                              42E4     42E4       2C         0
                text5                              3A1C     3A1C       7E         0
                text4                              4310     4310       28         0
                text3                              436C     436C       12         0
                text2                              43DC     43DC        A         0
                text1                              2ED2     2ED2       F2         0
                text0                              3F50     3F50       64         0
                cinit                              399C     399C       80         0
                idataBANK1                         4358     4358       14         0
                idataBANK0                         437E     437E       10         0
                idataCOMRAM                        4434     4434        1         0

        CLASS   CONST          

        CLASS   SMALLCONST     
                smallconst                         1000     1000       8A         0

        CLASS   MEDIUMCONST    

        CLASS   COMRAM         
                temp                                 58       58        1         1
                cstackCOMRAM                          1        1       30         1
                dataCOMRAM                           57       57        1         1
                bssCOMRAM                            31       31       26         1

        CLASS   ABS1           

        CLASS   BIGRAM         

        CLASS   RAM            

        CLASS   BANK0          
                cstackBANK0                          80       80       46         1
                dataBANK0                            EF       EF       10         1
                bssBANK0                             C6       C6       29         1
                nvBANK0                              FF       FF        1         1

        CLASS   BANK1          
                cstackBANK1                         15E      15E       28         1
                dataBANK1                           186      186       14         1
                bssBANK1                            100      100       5E         1

        CLASS   BANK2          

        CLASS   BANK3          

        CLASS   BANK4          

        CLASS   BANK5          

        CLASS   BANK6          

        CLASS   BANK7          

        CLASS   BANK8          

        CLASS   BANK9          

        CLASS   BANK10         

        CLASS   BANK11         

        CLASS   BANK12         

        CLASS   BANK13         

        CLASS   BANK14         

        CLASS   BANK15         

        CLASS   SFR            

        CLASS   BIGSFR         

        CLASS   CONFIG         
                config                           300000   300000        E         4

        CLASS   IDLOC          

        CLASS   EEDATA         

        CLASS   FARRAM         

        CLASS   HEAP           

        CLASS   STACK          



SEGMENTS        Name                           Load    Length   Top    Selector   Space  Class

                reset_vec                      000000  000004  000004         0       0  CODE    
                cstackCOMRAM                   000001  000058  000059         1       1  COMRAM  
                intcode                        000008  000006  00000E         4       0  CODE    
                intcodelo                      000018  00024C  000264         C       0  CODE    
                cstackBANK0                    000080  000080  000100        80       1  BANK0   
                bssBANK1                       000100  00009A  00019A       100       1  BANK1   
                smallconst                     001000  00008A  00108A       800       0  SMALLCON
                text52                         00108A  0033AB  004435       845       0  CODE    


UNUSED ADDRESS RANGES

        Name                Unused          Largest block    Delta
        BANK1            00019A-0001FF               66
        BANK10           000A00-000AFF              100
        BANK11           000B00-000BFF              100
        BANK12           000C00-000CFF              100
        BANK13           000D00-000DFF              100
        BANK14           000E00-000EFF              100
        BANK15           000F00-000F7F               80
        BANK2            000200-0002FF              100
        BANK3            000300-0003FF              100
        BANK4            000400-0004FF              100
        BANK5            000500-0005FF              100
        BANK6            000600-0006FF              100
        BANK7            000700-0007FF              100
        BANK8            000800-0008FF              100
        BANK9            000900-0009FF              100
        BIGRAM           000059-00007F               27
                         00019A-000F7F              DE6
        BIGSFR           000F80-000FFF               80
        CODE             000004-000007                4
                         00000E-000017                A
                         000264-000FFF              D9C
                         004435-00FFFF             BBCB
        COMRAM           000059-00007F               27
        CONST            000004-000007                4
                         00000E-000017                A
                         000264-000FFF              D9C
                         004435-00FFFF             BBCB
        EEDATA           F00000-F003FF              400
        IDLOC            200000-200007                8
        MEDIUMCONST      004435-00FFFF             BBCB
        RAM              00019A-000F7F              100
        SFR              000F80-000FFF               80
        SMALLCONST       004435-00FFFF              100

                                  Symbol Table

?___awdiv                                        cstackCOMRAM 000028
?___awmod                                        cstackCOMRAM 000028
?___fldiv                                        cstackBANK0  0000AB
?___flmul                                        cstackBANK0  000092
?___fltol                                        cstackBANK1  00015E
?___lldiv                                        cstackBANK0  000084
?___lmul                                         cstackCOMRAM 000028
?___xxtofl                                       cstackBANK0  000084
?_abs                                            cstackCOMRAM 00002E
?_sprintf                                        cstackBANK0  0000B5
?_vfprintf                                       cstackBANK0  0000AD
CCP1_Interrupt_Init@_ccp_obj                     cstackCOMRAM 000028
CCP2_Interrupt_Init@_ccp_obj                     cstackCOMRAM 000028
CCP_Capture_Compare_Timer_Config@_ccp_obj        cstackCOMRAM 000028
CCP_Capture_Mode_Init@_ccp_obj                   cstackCOMRAM 00002B
CCP_Capture_Mode_Init@ret                        cstackCOMRAM 00002F
CCP_Capture_Mode_Read_Value@F3461                bssCOMRAM    00003F
CCP_Capture_Mode_Read_Value@_ccp_obj             cstackCOMRAM 000013
CCP_Capture_Mode_Read_Value@capture_temp_value   cstackCOMRAM 00001B
CCP_Capture_Mode_Read_Value@capture_value        cstackCOMRAM 000015
CCP_Init@_ccp_obj                                cstackBANK0  000094
CCP_Init@ret                                     cstackBANK0  000098
CCP_Interrupt_Init@_ccp_obj                      cstackCOMRAM 00002B
CCP_Interrupt_Init@ret                           cstackCOMRAM 00002F
CCP_PWM_Mode_Init@_ccp_obj                       cstackBANK0  000091
CCP_PWM_Mode_Init@ret                            cstackBANK0  000093
CCP_PWM_Set_Duty@_ccp_obj                        cstackBANK1  000166
CCP_PWM_Set_Duty@_duty                           cstackBANK1  000168
CCP_PWM_Set_Duty@l_duty_temp                     cstackBANK1  00016B
Pulse_Meter_Calculate@Duty_Cycle                 cstackBANK1  000173
Pulse_Meter_Calculate@Freq                       cstackBANK1  00016F
Pulse_Meter_Calculate@Pulse_Duty_Cycle           cstackBANK1  00016D
Pulse_Meter_Calculate@Pulse_Freq                 cstackBANK1  00016B
Pulse_Meter_Calculate@TimerPrescaler             cstackBANK1  00016A
Pulse_Meter_Calculate@XTAL_FREQ_MHZ              cstackBANK1  000166
Pulse_Meter_Display@Duty_Cycle_Str               cstackBANK1  000182
Pulse_Meter_Display@Freq_Str                     cstackBANK1  00017D
Pulse_Meter_Display@Pulse_Duty_Cycle             cstackBANK1  00017C
Pulse_Meter_Display@Pulse_Freq                   cstackBANK1  000178
Timer1_Init@_timer                               cstackCOMRAM 00002A
Timer1_Init@ret                                  cstackCOMRAM 00002E
Timer1_Mode_Select@_timer                        cstackCOMRAM 000028
Timer1_Write_Value@_timer                        cstackCOMRAM 000028
Timer1_Write_Value@_value                        cstackCOMRAM 00002A
Timer2_Init@_timer                               cstackCOMRAM 000028
Timer2_Init@ret                                  cstackCOMRAM 00002B
_ADC_ISR                                         text70       00440A
_ADC_InterruptHandler                            bssCOMRAM    000045
_ADRESH                                          (abs)        000FC4
_ADRESL                                          (abs)        000FC3
_CCP1_Callback_ISR                               text68       002944
_CCP1_Callback_ISR$intlevel1                     text68       00294E
_CCP1_Capture_Mode_Init                          text10       004184
_CCP1_ISR                                        text67       00425A
_CCP1_InterruptHandler                           bssCOMRAM    000043
_CCP1_Interrupt_Init                             text16       003D82
_CCP2_ISR                                        text66       00422C
_CCP2_InterruptHandler                           bssCOMRAM    000041
_CCP2_Interrupt_Init                             text15       003D0A
_CCP2_PWM_1KHZ_INIT                              text9        0040FE
_CCP_Capture_Compare_Timer_Config                text18       003DFA
_CCP_Capture_Mode_Init                           text17       002418
_CCP_Capture_Mode_Read_Value                     text69       0036AA
_CCP_Init                                        text11       002DDA
_CCP_Interrupt_Init                              text14       003C92
_CCP_PWM_Mode_Init                               text12       002A70
_CCP_PWM_Set_Duty                                text49       00214E
_Cap1                                            bssBANK0     0000E5
_Cap2                                            bssBANK0     0000E1
_Cap3                                            bssBANK0     0000DD
_Duty_Cycle                                      bssCOMRAM    000056
_Frequency                                       bssBANK0     0000E9
_INT0_ISR                                        text88       00442E
_INT0_InterruptHandler                           bssBANK0     0000D4
_INT1_ISR                                        text65       004406
_INT1_InterruptHandler                           bssCOMRAM    00003D
_INT2_ISR                                        text64       004402
_INT2_InterruptHandler                           bssCOMRAM    00003B
_InterruptManagerHigh                            intcode      000008
_InterruptManagerLow                             intcodelo    000018
_Pulse_Meter_Calculate                           text46       001AA2
_Pulse_Meter_Display                             text23       0030B2
_Pulse_Meter_Init                                text2        0043DC
_RB4_ISR                                         text63       0043FE
_RB4_InterruptHandler                            bssCOMRAM    000039
_RB4_pin_init_value                              bssCOMRAM    00004E
_RB5_ISR                                         text62       0043FA
_RB5_InterruptHandler                            bssBANK0     0000D2
_RB5_pin_init_value                              bssCOMRAM    00004D
_RB6_ISR                                         text61       0043F6
_RB6_InterruptHandler                            bssBANK0     0000D0
_RB6_pin_init_value                              bssCOMRAM    00004C
_RB7_ISR                                         text60       0043F2
_RB7_InterruptHandler                            bssBANK0     0000CE
_RB7_pin_init_value                              bssCOMRAM    00004B
_TMR0H                                           (abs)        000FD7
_TMR0_ISR                                        text59       0043B8
_TMR0_InterruptHandler                           bssBANK0     0000CC
_TMR1_Callback_ISR                               text58       00439E
_TMR1_Callback_ISR$intlevel1                     text58       0043A8
_TMR1_ISR                                        text57       0041C0
_TMR1_InterruptHandler                           bssCOMRAM    000035
_TMR2_ISR                                        text56       0043E6
_TMR3_ISR                                        text55       0043AC
_TMR3_InterruptHandler                           bssBANK0     0000CA
_Timer1_Init                                     text7        002FC4
_Timer1_Mode_Select                              text8        003A9A
_Timer1_Timer_Init                               text6        0042E4
_Timer1_Write_Value                              text48       004338
_Timer2_Init                                     text5        003A1C
_Timer2_Timer_Init                               text4        004310
_Welcome_Message                                 text1        002ED2
__HRAM                                           (abs)        000000
__H__absolute__                                  __absolute__ 000000
__Habs1                                          abs1         000000
__Hbank0                                         bank0        000000
__Hbank1                                         bank1        000000
__Hbank10                                        bank10       000000
__Hbank11                                        bank11       000000
__Hbank12                                        bank12       000000
__Hbank13                                        bank13       000000
__Hbank14                                        bank14       000000
__Hbank15                                        bank15       000000
__Hbank2                                         bank2        000000
__Hbank3                                         bank3        000000
__Hbank4                                         bank4        000000
__Hbank5                                         bank5        000000
__Hbank6                                         bank6        000000
__Hbank7                                         bank7        000000
__Hbank8                                         bank8        000000
__Hbank9                                         bank9        000000
__Hbigbss                                        bigbss       000000
__Hbigdata                                       bigdata      000000
__Hbigram                                        bigram       000000
__Hbigsfr                                        bigsfr       000000
__Hbss                                           bss          000000
__HbssBANK0                                      bssBANK0     000000
__HbssBANK1                                      bssBANK1     000000
__HbssCOMRAM                                     bssCOMRAM    000000
__Hcinit                                         cinit        000000
__Hclrtext                                       clrtext      000000
__Hcomram                                        comram       000000
__Hconfig                                        config       30000E
__Hconst                                         const        000000
__HcstackBANK0                                   cstackBANK0  000000
__HcstackBANK1                                   cstackBANK1  000000
__HcstackCOMRAM                                  cstackCOMRAM 000000
__Hdata                                          data         000000
__HdataBANK0                                     dataBANK0    000000
__HdataBANK1                                     dataBANK1    000000
__HdataCOMRAM                                    dataCOMRAM   000000
__Heeprom_data                                   eeprom_data  000000
__Hfarbss                                        farbss       000000
__Hfardata                                       fardata      000000
__Hheap                                          heap         000000
__Hibigdata                                      ibigdata     000000
__Hidata                                         idata        000000
__HidataBANK0                                    idataBANK0   000000
__HidataBANK1                                    idataBANK1   000000
__HidataCOMRAM                                   idataCOMRAM  000000
__Hidloc                                         idloc        000000
__Hifardata                                      ifardata     000000
__Hinit                                          init         000264
__Hintcode                                       intcode      00000E
__Hintcode_body                                  intcode_body 000000
__Hintcodelo                                     intcodelo    000260
__Hintentry                                      intentry     000000
__Hintret                                        intret       000000
__Hintsave_regs                                  intsave_regs 000000
__Hirdata                                        irdata       000000
__Hmediumconst                                   mediumconst  000000
__HnvBANK0                                       nvBANK0      000000
__HnvFARRAM                                      nvFARRAM     000000
__Hnvbit                                         nvbit        000000
__Hnvrram                                        nvrram       000000
__Hparam                                         rparam       000000
__Hpowerup                                       powerup      000260
__Hram                                           ram          000000
__Hramtop                                        ramtop       001000
__Hrbit                                          rbit         000000
__Hrbss                                          rbss         000000
__Hrdata                                         rdata        000000
__Hreset_vec                                     reset_vec    000004
__Hrparam                                        rparam       000000
__Hsfr                                           sfr          000000
__Hsmallconst                                    smallconst   00108A
__Hspace_0                                       (abs)        004435
__Hspace_1                                       (abs)        00019A
__Hspace_2                                       (abs)        000000
__Hspace_4                                       (abs)        60000E
__Hstack                                         stack        000000
__Hstruct                                        struct       000000
__Htemp                                          temp         000059
__Htext                                          text         000000
__Htext0                                         text0        000000
__Htext1                                         text1        000000
__Htext10                                        text10       000000
__Htext11                                        text11       000000
__Htext12                                        text12       000000
__Htext13                                        text13       000000
__Htext14                                        text14       000000
__Htext15                                        text15       000000
__Htext16                                        text16       000000
__Htext17                                        text17       000000
__Htext18                                        text18       000000
__Htext19                                        text19       000000
__Htext2                                         text2        000000
__Htext20                                        text20       000000
__Htext21                                        text21       000000
__Htext22                                        text22       000000
__Htext23                                        text23       000000
__Htext24                                        text24       000000
__Htext25                                        text25       000000
__Htext26                                        text26       000000
__Htext27                                        text27       000000
__Htext28                                        text28       000000
__Htext29                                        text29       000000
__Htext3                                         text3        000000
__Htext30                                        text30       000000
__Htext31                                        text31       000000
__Htext32                                        text32       000000
__Htext33                                        text33       000000
__Htext34                                        text34       000000
__Htext35                                        text35       000000
__Htext36                                        text36       000000
__Htext37                                        text37       000000
__Htext38                                        text38       000000
__Htext39                                        text39       000000
__Htext4                                         text4        000000
__Htext40                                        text40       000000
__Htext41                                        text41       000000
__Htext42                                        text42       000000
__Htext43                                        text43       000000
__Htext44                                        text44       000000
__Htext45                                        text45       000000
__Htext46                                        text46       000000
__Htext47                                        text47       000000
__Htext48                                        text48       000000
__Htext49                                        text49       000000
__Htext5                                         text5        000000
__Htext50                                        text50       000000
__Htext51                                        text51       000000
__Htext52                                        text52       000000
__Htext53                                        text53       000000
__Htext55                                        text55       000000
__Htext56                                        text56       000000
__Htext57                                        text57       000000
__Htext58                                        text58       000000
__Htext59                                        text59       000000
__Htext6                                         text6        000000
__Htext60                                        text60       000000
__Htext61                                        text61       000000
__Htext62                                        text62       000000
__Htext63                                        text63       000000
__Htext64                                        text64       000000
__Htext65                                        text65       000000
__Htext66                                        text66       000000
__Htext67                                        text67       000000
__Htext68                                        text68       000000
__Htext69                                        text69       000000
__Htext7                                         text7        000000
__Htext70                                        text70       000000
__Htext72                                        text72       000000
__Htext73                                        text73       000000
__Htext74                                        text74       000000
__Htext75                                        text75       000000
__Htext76                                        text76       000000
__Htext77                                        text77       000000
__Htext78                                        text78       000000
__Htext79                                        text79       000000
__Htext8                                         text8        000000
__Htext80                                        text80       000000
__Htext81                                        text81       000000
__Htext82                                        text82       000000
__Htext83                                        text83       000000
__Htext84                                        text84       000000
__Htext85                                        text85       000000
__Htext86                                        text86       000000
__Htext87                                        text87       000000
__Htext88                                        text88       000000
__Htext89                                        text89       000000
__Htext9                                         text9        000000
__LRAM                                           (abs)        000001
__L__absolute__                                  __absolute__ 000000
__Labs1                                          abs1         000000
__Lbank0                                         bank0        000000
__Lbank1                                         bank1        000000
__Lbank10                                        bank10       000000
__Lbank11                                        bank11       000000
__Lbank12                                        bank12       000000
__Lbank13                                        bank13       000000
__Lbank14                                        bank14       000000
__Lbank15                                        bank15       000000
__Lbank2                                         bank2        000000
__Lbank3                                         bank3        000000
__Lbank4                                         bank4        000000
__Lbank5                                         bank5        000000
__Lbank6                                         bank6        000000
__Lbank7                                         bank7        000000
__Lbank8                                         bank8        000000
__Lbank9                                         bank9        000000
__Lbigbss                                        bigbss       000000
__Lbigdata                                       bigdata      000000
__Lbigram                                        bigram       000000
__Lbigsfr                                        bigsfr       000000
__Lbss                                           bss          000000
__LbssBANK0                                      bssBANK0     000000
__LbssBANK1                                      bssBANK1     000000
__LbssCOMRAM                                     bssCOMRAM    000000
__Lcinit                                         cinit        000000
__Lclrtext                                       clrtext      000000
__Lcomram                                        comram       000000
__Lconfig                                        config       000000
__Lconst                                         const        000000
__LcstackBANK0                                   cstackBANK0  000000
__LcstackBANK1                                   cstackBANK1  000000
__LcstackCOMRAM                                  cstackCOMRAM 000000
__Ldata                                          data         000000
__LdataBANK0                                     dataBANK0    000000
__LdataBANK1                                     dataBANK1    000000
__LdataCOMRAM                                    dataCOMRAM   000000
__Leeprom_data                                   eeprom_data  000000
__Lfarbss                                        farbss       000000
__Lfardata                                       fardata      000000
__Lheap                                          heap         000000
__Libigdata                                      ibigdata     000000
__Lidata                                         idata        000000
__LidataBANK0                                    idataBANK0   000000
__LidataBANK1                                    idataBANK1   000000
__LidataCOMRAM                                   idataCOMRAM  000000
__Lidloc                                         idloc        000000
__Lifardata                                      ifardata     000000
__Linit                                          init         000260
__Lintcode                                       intcode      000008
__Lintcode_body                                  intcode_body 000000
__Lintcodelo                                     intcodelo    000018
__Lintentry                                      intentry     000000
__Lintret                                        intret       000000
__Lintsave_regs                                  intsave_regs 000000
__Lirdata                                        irdata       000000
__Lmediumconst                                   mediumconst  000000
__LnvBANK0                                       nvBANK0      000000
__LnvFARRAM                                      nvFARRAM     000000
__Lnvbit                                         nvbit        000000
__Lnvrram                                        nvrram       000000
__Lparam                                         rparam       000000
__Lpowerup                                       powerup      000260
__Lram                                           ram          000000
__Lramtop                                        ramtop       001000
__Lrbit                                          rbit         000000
__Lrbss                                          rbss         000000
__Lrdata                                         rdata        000000
__Lreset_vec                                     reset_vec    000000
__Lrparam                                        rparam       000000
__Lsfr                                           sfr          000000
__Lsmallconst                                    smallconst   001000
__Lspace_0                                       (abs)        000000
__Lspace_1                                       (abs)        000000
__Lspace_2                                       (abs)        000000
__Lspace_4                                       (abs)        000000
__Lstack                                         stack        000000
__Lstruct                                        struct       000000
__Ltemp                                          temp         000058
__Ltext                                          text         000000
__Ltext0                                         text0        000000
__Ltext1                                         text1        000000
__Ltext10                                        text10       000000
__Ltext11                                        text11       000000
__Ltext12                                        text12       000000
__Ltext13                                        text13       000000
__Ltext14                                        text14       000000
__Ltext15                                        text15       000000
__Ltext16                                        text16       000000
__Ltext17                                        text17       000000
__Ltext18                                        text18       000000
__Ltext19                                        text19       000000
__Ltext2                                         text2        000000
__Ltext20                                        text20       000000
__Ltext21                                        text21       000000
__Ltext22                                        text22       000000
__Ltext23                                        text23       000000
__Ltext24                                        text24       000000
__Ltext25                                        text25       000000
__Ltext26                                        text26       000000
__Ltext27                                        text27       000000
__Ltext28                                        text28       000000
__Ltext29                                        text29       000000
__Ltext3                                         text3        000000
__Ltext30                                        text30       000000
__Ltext31                                        text31       000000
__Ltext32                                        text32       000000
__Ltext33                                        text33       000000
__Ltext34                                        text34       000000
__Ltext35                                        text35       000000
__Ltext36                                        text36       000000
__Ltext37                                        text37       000000
__Ltext38                                        text38       000000
__Ltext39                                        text39       000000
__Ltext4                                         text4        000000
__Ltext40                                        text40       000000
__Ltext41                                        text41       000000
__Ltext42                                        text42       000000
__Ltext43                                        text43       000000
__Ltext44                                        text44       000000
__Ltext45                                        text45       000000
__Ltext46                                        text46       000000
__Ltext47                                        text47       000000
__Ltext48                                        text48       000000
__Ltext49                                        text49       000000
__Ltext5                                         text5        000000
__Ltext50                                        text50       000000
__Ltext51                                        text51       000000
__Ltext52                                        text52       000000
__Ltext53                                        text53       000000
__Ltext55                                        text55       000000
__Ltext56                                        text56       000000
__Ltext57                                        text57       000000
__Ltext58                                        text58       000000
__Ltext59                                        text59       000000
__Ltext6                                         text6        000000
__Ltext60                                        text60       000000
__Ltext61                                        text61       000000
__Ltext62                                        text62       000000
__Ltext63                                        text63       000000
__Ltext64                                        text64       000000
__Ltext65                                        text65       000000
__Ltext66                                        text66       000000
__Ltext67                                        text67       000000
__Ltext68                                        text68       000000
__Ltext69                                        text69       000000
__Ltext7                                         text7        000000
__Ltext70                                        text70       000000
__Ltext72                                        text72       000000
__Ltext73                                        text73       000000
__Ltext74                                        text74       000000
__Ltext75                                        text75       000000
__Ltext76                                        text76       000000
__Ltext77                                        text77       000000
__Ltext78                                        text78       000000
__Ltext79                                        text79       000000
__Ltext8                                         text8        000000
__Ltext80                                        text80       000000
__Ltext81                                        text81       000000
__Ltext82                                        text82       000000
__Ltext83                                        text83       000000
__Ltext84                                        text84       000000
__Ltext85                                        text85       000000
__Ltext86                                        text86       000000
__Ltext87                                        text87       000000
__Ltext88                                        text88       000000
__Ltext89                                        text89       000000
__Ltext9                                         text9        000000
__S0                                             (abs)        004435
__S1                                             (abs)        00019A
__S4                                             (abs)        000000
__S5                                             (abs)        000000
___awdiv                                         text44       003326
___awdiv@counter                                 cstackCOMRAM 00002C
___awdiv@dividend                                cstackCOMRAM 000028
___awdiv@divisor                                 cstackCOMRAM 00002A
___awdiv@quotient                                cstackCOMRAM 00002E
___awdiv@sign                                    cstackCOMRAM 00002D
___awmod                                         text43       003554
___awmod@counter                                 cstackCOMRAM 00002C
___awmod@dividend                                cstackCOMRAM 000028
___awmod@divisor                                 cstackCOMRAM 00002A
___awmod@sign                                    cstackCOMRAM 00002D
___fldiv                                         text53       0014B6
___fldiv@a                                       cstackBANK0  0000AF
___fldiv@aexp                                    cstackBANK0  0000C3
___fldiv@b                                       cstackBANK0  0000AB
___fldiv@bexp                                    cstackBANK0  0000C2
___fldiv@grs                                     cstackBANK0  0000BE
___fldiv@new_exp                                 cstackBANK0  0000BC
___fldiv@rem                                     cstackBANK0  0000B7
___fldiv@sign                                    cstackBANK0  0000BB
___flmul                                         text52       00108A
___flmul@a                                       cstackBANK0  000096
___flmul@aexp                                    cstackBANK0  00009F
___flmul@b                                       cstackBANK0  000092
___flmul@bexp                                    cstackBANK0  0000A4
___flmul@grs                                     cstackBANK0  0000A0
___flmul@prod                                    cstackBANK0  0000A5
___flmul@sign                                    cstackBANK0  00009E
___flmul@temp                                    cstackBANK0  0000A9
___fltol                                         text51       002CBC
___fltol@exp1                                    cstackBANK0  0000C5
___fltol@f1                                      cstackBANK1  00015E
___fltol@sign1                                   cstackBANK0  0000C4
___heap_hi                                       (abs)        000000
___heap_lo                                       (abs)        000000
___inthi_sp                                      stack        000000
___intlo_sp                                      stack        000000
___lldiv                                         text13       003604
___lldiv@counter                                 cstackBANK0  000090
___lldiv@dividend                                cstackBANK0  000084
___lldiv@divisor                                 cstackBANK0  000088
___lldiv@quotient                                cstackBANK0  00008C
___lmul                                          text47       003EE2
___lmul@multiplicand                             cstackCOMRAM 00002C
___lmul@multiplier                               cstackCOMRAM 000028
___lmul@product                                  cstackBANK0  000080
___param_bank                                    (abs)        000000
___rparam_used                                   (abs)        000001
___sp                                            stack        000000
___xxtofl                                        text50       001C84
___xxtofl@arg                                    cstackBANK0  00008E
___xxtofl@exp                                    cstackBANK0  00008D
___xxtofl@sign                                   cstackBANK0  00008C
___xxtofl@val                                    cstackBANK0  000084
__accesstop                                      (abs)        000080
__activetblptr                                   (abs)        000003
__end_of_ADC_ISR                                 text70       00440E
__end_of_CCP1_Callback_ISR                       text68       002A70
__end_of_CCP1_Capture_Mode_Init                  text10       0041C0
__end_of_CCP1_ISR                                text67       004288
__end_of_CCP1_Interrupt_Init                     text16       003DFA
__end_of_CCP2_ISR                                text66       00425A
__end_of_CCP2_Interrupt_Init                     text15       003D82
__end_of_CCP2_PWM_1KHZ_INIT                      text9        004142
__end_of_CCP_Capture_Compare_Timer_Config        text18       003E70
__end_of_CCP_Capture_Mode_Init                   text17       002572
__end_of_CCP_Capture_Mode_Read_Value             text69       003750
__end_of_CCP_Init                                text11       002ED2
__end_of_CCP_Interrupt_Init                      text14       003D0A
__end_of_CCP_PWM_Mode_Init                       text12       002B9A
__end_of_CCP_PWM_Set_Duty                        text49       0022B6
__end_of_INT0_ISR                                text88       004432
__end_of_INT1_ISR                                text65       00440A
__end_of_INT2_ISR                                text64       004406
__end_of_InterruptManagerHigh                    intcode_body 001AA2
__end_of_InterruptManagerLow                     intcodelo    000260
__end_of_Pulse_Meter_Calculate                   text46       001C84
__end_of_Pulse_Meter_Display                     text23       003196
__end_of_Pulse_Meter_Init                        text2        0043E6
__end_of_RB4_ISR                                 text63       004402
__end_of_RB5_ISR                                 text62       0043FE
__end_of_RB6_ISR                                 text61       0043FA
__end_of_RB7_ISR                                 text60       0043F6
__end_of_TMR0_ISR                                text59       0043C4
__end_of_TMR1_Callback_ISR                       text58       0043AC
__end_of_TMR1_ISR                                text57       0041F6
__end_of_TMR2_ISR                                text56       0043EC
__end_of_TMR3_ISR                                text55       0043B8
__end_of_Timer1_Init                             text7        0030B2
__end_of_Timer1_Mode_Select                      text8        003B18
__end_of_Timer1_Timer_Init                       text6        004310
__end_of_Timer1_Write_Value                      text48       004358
__end_of_Timer2_Init                             text5        003A9A
__end_of_Timer2_Timer_Init                       text4        004338
__end_of_Welcome_Message                         text1        002FC4
__end_of___awdiv                                 text44       0033EA
__end_of___awmod                                 text43       003604
__end_of___fldiv                                 text53       001852
__end_of___flmul                                 text52       0014B6
__end_of___fltol                                 text51       002DDA
__end_of___lldiv                                 text13       0036AA
__end_of___lmul                                  text47       003F50
__end_of___xxtofl                                text50       001E3C
__end_of__initialization                         cinit        003A12
__end_of_abs                                     text42       004184
__end_of_btn_values                              smallconst   001011
__end_of_convert_uint32_to_string                text33       003326
__end_of_convert_uint8_to_string                 text32       0034A2
__end_of_dtoa                                    text37       001FD6
__end_of_ecu_layer_initialize                    text19       00439E
__end_of_fputc                                   text40       003260
__end_of_fputs                                   text39       0040FE
__end_of_gpio_pin_direction_initialize           text22       002418
__end_of_gpio_pin_initialize                     text21       003918
__end_of_gpio_pin_write_logic                    text31       002818
__end_of_lcd_4bit_initialize                     text20       0026CA
__end_of_lcd_4bit_send_char_data                 text28       003C14
__end_of_lcd_4bit_send_command                   text26       003B96
__end_of_lcd_4bit_send_enable_signal             text30       004062
__end_of_lcd_4bit_send_string                    text27       00399C
__end_of_lcd_4bit_send_string_pos                text24       003EE2
__end_of_lcd_4bit_set_cursor                     text25       003554
__end_of_lcd_send_4bits                          text29       003888
__end_of_main                                    text0        003FB4
__end_of_mcal_layer_initialize                   text3        00437E
__end_of_memset                                  text45       00214E
__end_of_pad                                     text38       003C92
__end_of_putch                                   text41       004434
__end_of_sprintf                                 text34       00400C
__end_of_vfpfcnvrt                               text36       002944
__end_of_vfprintf                                text35       0040B6
__end_ofi2_ADC_ISR                               text87       00442E
__end_ofi2_CCP1_Callback_ISR                     text85       002CBC
__end_ofi2_CCP1_ISR                              text84       0042E4
__end_ofi2_CCP2_ISR                              text83       0042B6
__end_ofi2_CCP_Capture_Mode_Read_Value           text86       0037F6
__end_ofi2_INT1_ISR                              text82       00442A
__end_ofi2_INT2_ISR                              text81       004426
__end_ofi2_RB4_ISR                               text80       004422
__end_ofi2_RB5_ISR                               text79       00441E
__end_ofi2_RB6_ISR                               text78       00441A
__end_ofi2_RB7_ISR                               text77       004416
__end_ofi2_TMR0_ISR                              text76       0043DC
__end_ofi2_TMR1_Callback_ISR                     text75       004412
__end_ofi2_TMR1_ISR                              text74       00422C
__end_ofi2_TMR2_ISR                              text73       0043F2
__end_ofi2_TMR3_ISR                              text72       0043D0
__initialization                                 cinit        00399C
__mediumconst                                    mediumconst  000000
__pbssBANK0                                      bssBANK0     0000C6
__pbssBANK1                                      bssBANK1     000100
__pbssCOMRAM                                     bssCOMRAM    000031
__pcinit                                         cinit        00399C
__pcstackBANK0                                   cstackBANK0  000080
__pcstackBANK1                                   cstackBANK1  00015E
__pcstackCOMRAM                                  cstackCOMRAM 000001
__pdataBANK0                                     dataBANK0    0000EF
__pdataBANK1                                     dataBANK1    000186
__pdataCOMRAM                                    dataCOMRAM   000057
__pidataBANK0                                    idataBANK0   00437E
__pidataBANK1                                    idataBANK1   004358
__pidataCOMRAM                                   idataCOMRAM  004434
__pintcode                                       intcode      000008
__pintcode_body                                  intcode_body 001852
__pintcodelo                                     intcodelo    000018
__pnvBANK0                                       nvBANK0      0000FF
__psmallconst                                    smallconst   001000
__ptext0                                         text0        003F50
__ptext1                                         text1        002ED2
__ptext10                                        text10       004184
__ptext11                                        text11       002DDA
__ptext12                                        text12       002A70
__ptext13                                        text13       003604
__ptext14                                        text14       003C92
__ptext15                                        text15       003D0A
__ptext16                                        text16       003D82
__ptext17                                        text17       002418
__ptext18                                        text18       003DFA
__ptext19                                        text19       00438E
__ptext2                                         text2        0043DC
__ptext20                                        text20       002572
__ptext21                                        text21       003888
__ptext22                                        text22       0022B6
__ptext23                                        text23       0030B2
__ptext24                                        text24       003E70
__ptext25                                        text25       0034A2
__ptext26                                        text26       003B18
__ptext27                                        text27       003918
__ptext28                                        text28       003B96
__ptext29                                        text29       0037F6
__ptext3                                         text3        00436C
__ptext30                                        text30       00400C
__ptext31                                        text31       0026CA
__ptext32                                        text32       0033EA
__ptext33                                        text33       003260
__ptext34                                        text34       003FB4
__ptext35                                        text35       004062
__ptext36                                        text36       002818
__ptext37                                        text37       001E3C
__ptext38                                        text38       003C14
__ptext39                                        text39       0040B6
__ptext4                                         text4        004310
__ptext40                                        text40       003196
__ptext41                                        text41       004432
__ptext42                                        text42       004142
__ptext43                                        text43       003554
__ptext44                                        text44       003326
__ptext45                                        text45       001FD6
__ptext46                                        text46       001AA2
__ptext47                                        text47       003EE2
__ptext48                                        text48       004338
__ptext49                                        text49       00214E
__ptext5                                         text5        003A1C
__ptext50                                        text50       001C84
__ptext51                                        text51       002CBC
__ptext52                                        text52       00108A
__ptext53                                        text53       0014B6
__ptext55                                        text55       0043AC
__ptext56                                        text56       0043E6
__ptext57                                        text57       0041C0
__ptext58                                        text58       00439E
__ptext59                                        text59       0043B8
__ptext6                                         text6        0042E4
__ptext60                                        text60       0043F2
__ptext61                                        text61       0043F6
__ptext62                                        text62       0043FA
__ptext63                                        text63       0043FE
__ptext64                                        text64       004402
__ptext65                                        text65       004406
__ptext66                                        text66       00422C
__ptext67                                        text67       00425A
__ptext68                                        text68       002944
__ptext69                                        text69       0036AA
__ptext7                                         text7        002FC4
__ptext70                                        text70       00440A
__ptext72                                        text72       0043C4
__ptext73                                        text73       0043EC
__ptext74                                        text74       0041F6
__ptext75                                        text75       00440E
__ptext76                                        text76       0043D0
__ptext77                                        text77       004412
__ptext78                                        text78       004416
__ptext79                                        text79       00441A
__ptext8                                         text8        003A9A
__ptext80                                        text80       00441E
__ptext81                                        text81       004422
__ptext82                                        text82       004426
__ptext83                                        text83       004288
__ptext84                                        text84       0042B6
__ptext85                                        text85       002B9A
__ptext86                                        text86       003750
__ptext87                                        text87       00442A
__ptext88                                        text88       00442E
__ptext89                                        text89       000000
__ptext9                                         text9        0040FE
__ramtop                                         ramtop       001000
__smallconst                                     smallconst   001000
_abs                                             text42       004142
_btn_values                                      smallconst   001001
_cap_flag                                        bssBANK0     0000D6
_ccp1_obj                                        bssBANK1     000144
_ccp2_obj                                        bssBANK1     000151
_compare_flag                                    bssCOMRAM    000048
_convert_uint32_to_string                        text33       003260
_convert_uint8_to_string                         text32       0033EA
_dbuf                                            bssBANK1     000124
_dtoa                                            text37       001E3C
_dtoa$3386                                       cstackBANK0  000096
_ecu_layer_initialize                            text19       00438E
_flags                                           bssCOMRAM    000047
_fputc                                           text40       003196
_fputs                                           text39       0040B6
_gpio_pin_direction_initialize                   text22       0022B6
_gpio_pin_initialize                             text21       003888
_gpio_pin_write_logic                            text31       0026CA
_lat_registers                                   dataBANK1    000190
_lcd1                                            dataBANK0    0000F9
_lcd_4bit_initialize                             text20       002572
_lcd_4bit_send_char_data                         text28       003B96
_lcd_4bit_send_command                           text26       003B18
_lcd_4bit_send_enable_signal                     text30       00400C
_lcd_4bit_send_string                            text27       003918
_lcd_4bit_send_string_pos                        text24       003E70
_lcd_4bit_set_cursor                             text25       0034A2
_lcd_send_4bits                                  text29       0037F6
_led1                                            dataCOMRAM   000057
_main                                            text0        003F50
_mcal_layer_initialize                           text3        00436C
_memset                                          text45       001FD6
_ovf_cnt                                         bssCOMRAM    000049
_pad                                             text38       003C14
_port_registers                                  dataBANK1    000186
_prec                                            bssBANK0     0000C8
_putch                                           text41       004432
_ret                                             nvBANK0      0000FF
_sprintf                                         text34       003FB4
_timer0_preload                                  bssCOMRAM    000037
_timer1_obj                                      bssBANK0     0000D7
_timer1_preload                                  bssCOMRAM    000033
_timer2_obj                                      bssBANK0     0000ED
_timer2_preload                                  bssCOMRAM    00004A
_timer3_obj                                      bssBANK1     00010B
_timer3_preload                                  bssCOMRAM    000031
_tris_registers                                  dataBANK0    0000EF
_vfpfcnvrt                                       text36       002818
_vfprintf                                        text35       004062
_width                                           bssBANK0     0000C6
abs@a                                            cstackCOMRAM 00002E
btemp                                            temp         000058
convert_uint32_to_string@Temp_str                cstackBANK1  00016C
convert_uint32_to_string@cnt                     cstackBANK1  000177
convert_uint32_to_string@str                     cstackBANK0  0000C1
convert_uint32_to_string@value                   cstackBANK0  0000BD
convert_uint8_to_string@Temp_str                 cstackBANK0  0000BF
convert_uint8_to_string@cnt                      cstackBANK0  0000C4
convert_uint8_to_string@str                      cstackBANK0  0000BD
convert_uint8_to_string@value                    cstackBANK0  0000C3
dtoa@d                                           cstackBANK0  000094
dtoa@fp                                          cstackBANK0  000092
dtoa@i                                           cstackBANK0  00009D
dtoa@p                                           cstackBANK0  000098
dtoa@s                                           cstackBANK0  00009C
dtoa@w                                           cstackBANK0  00009A
end_of_initialization                            cinit        003A12
fputc@c                                          cstackCOMRAM 000028
fputc@fp                                         cstackCOMRAM 00002A
fputs@c                                          cstackBANK0  000084
fputs@fp                                         cstackBANK0  000082
fputs@i                                          cstackBANK0  000085
fputs@s                                          cstackBANK0  000080
gpio_pin_direction_initialize@pin_config         cstackCOMRAM 000028
gpio_pin_direction_initialize@ret                cstackCOMRAM 000030
gpio_pin_initialize@pin_config                   cstackBANK0  000081
gpio_pin_initialize@ret                          cstackBANK0  000084
gpio_pin_write_logic@logic                       cstackCOMRAM 00002A
gpio_pin_write_logic@pin_config                  cstackCOMRAM 000028
gpio_pin_write_logic@ret                         cstackBANK0  000080
i2CCP_Capture_Mode_Read_Value@_ccp_obj           cstackCOMRAM 000001
i2CCP_Capture_Mode_Read_Value@capture_temp_value cstackCOMRAM 000009
i2CCP_Capture_Mode_Read_Value@capture_value      cstackCOMRAM 000003
i2_ADC_ISR                                       text87       00442A
i2_CCP1_Callback_ISR                             text85       002B9A
i2_CCP1_ISR                                      text84       0042B6
i2_CCP2_ISR                                      text83       004288
i2_CCP_Capture_Mode_Read_Value                   text86       003750
i2_INT1_ISR                                      text82       004426
i2_INT2_ISR                                      text81       004422
i2_RB4_ISR                                       text80       00441E
i2_RB5_ISR                                       text79       00441A
i2_RB6_ISR                                       text78       004416
i2_RB7_ISR                                       text77       004412
i2_TMR0_ISR                                      text76       0043D0
i2_TMR1_Callback_ISR                             text75       00440E
i2_TMR1_ISR                                      text74       0041F6
i2_TMR2_ISR                                      text73       0043EC
i2_TMR3_ISR                                      text72       0043C4
int$flags                                        temp         000058
int_func                                         intcode_body 001852
intlevel0                                        text         000000
intlevel1                                        text         000000
intlevel2                                        text         000000
intlevel3                                        text         000000
isa$std                                          (abs)        000001
isa$xinst                                        (abs)        000000
lcd_4bit_initialize@l_data_pins_counter          cstackBANK0  00008D
lcd_4bit_initialize@lcd                          cstackBANK0  000089
lcd_4bit_initialize@ret                          cstackBANK0  00008E
lcd_4bit_send_char_data@data                     cstackBANK0  000087
lcd_4bit_send_char_data@lcd                      cstackBANK0  000085
lcd_4bit_send_char_data@ret                      cstackBANK0  000088
lcd_4bit_send_command@command                    cstackBANK0  000087
lcd_4bit_send_command@lcd                        cstackBANK0  000085
lcd_4bit_send_command@ret                        cstackBANK0  000088
lcd_4bit_send_enable_signal@lcd                  cstackBANK0  000081
lcd_4bit_send_enable_signal@ret                  cstackBANK0  000083
lcd_4bit_send_string@lcd                         cstackBANK0  000089
lcd_4bit_send_string@str                         cstackBANK0  00008B
lcd_4bit_send_string_pos@column                  cstackBANK0  000092
lcd_4bit_send_string_pos@lcd                     cstackBANK0  00008F
lcd_4bit_send_string_pos@row                     cstackBANK0  000091
lcd_4bit_send_string_pos@str                     cstackBANK0  000093
lcd_4bit_set_cursor@column                       cstackBANK0  00008C
lcd_4bit_set_cursor@lcd                          cstackBANK0  000089
lcd_4bit_set_cursor@row                          cstackBANK0  00008B
lcd_send_4bits@_data_command                     cstackBANK0  000083
lcd_send_4bits@lcd                               cstackBANK0  000081
lcd_send_4bits@ret                               cstackBANK0  000084
led_initialize@F3319                             bssCOMRAM    000055
led_toggle@F3334                                 bssCOMRAM    000052
led_turn_off@F3329                               bssCOMRAM    000053
led_turn_on@F3324                                bssCOMRAM    000054
memset@c                                         cstackCOMRAM 00002A
memset@dest                                      cstackCOMRAM 000028
memset@k                                         cstackBANK0  000080
memset@n                                         cstackCOMRAM 00002C
memset@s                                         cstackBANK0  000082
pad@buf                                          cstackBANK0  000089
pad@fp                                           cstackBANK0  000087
pad@i                                            cstackBANK0  00008E
pad@p                                            cstackBANK0  00008B
pad@w                                            cstackBANK0  000090
relay_initialize@F3313                           bssCOMRAM    000051
relay_turn_off@F3323                             bssCOMRAM    00004F
relay_turn_on@F3318                              bssCOMRAM    000050
sprintf@ap                                       cstackBANK1  00015E
sprintf@f                                        cstackBANK1  000160
sprintf@fmt                                      cstackBANK0  0000B7
sprintf@s                                        cstackBANK0  0000B5
stackhi                                          (abs)        000000
stacklo                                          (abs)        000000
start                                            init         000260
start_initialization                             cinit        00399C
ttemp5                                           temp         000059
ttemp6                                           temp         00005C
ttemp7                                           temp         000060
vfpfcnvrt@ap                                     cstackBANK0  0000A3
vfpfcnvrt@convarg                                cstackBANK0  0000A7
vfpfcnvrt@cp                                     cstackBANK0  0000AB
vfpfcnvrt@fmt                                    cstackBANK0  0000A1
vfpfcnvrt@fp                                     cstackBANK0  00009F
vfprintf@ap                                      cstackBANK0  0000B1
vfprintf@cfmt                                    cstackBANK0  0000B3
vfprintf@fmt                                     cstackBANK0  0000AF
vfprintf@fp                                      cstackBANK0  0000AD
wtemp8                                           temp         000059


MODULE INFORMATION

Module		Function		Class		Link	Load	Size
C:\Program Files\Microchip\xc8\v2.41\pic\sources\c99\common\awmod.c
		___awmod       		CODE           	3554	0000	176

C:\Program Files\Microchip\xc8\v2.41\pic\sources\c99\common\awmod.c estimated size: 176

C:\Program Files\Microchip\xc8\v2.41\pic\sources\c99\common\Umul32.c
		___lmul        		CODE           	3EE2	0000	110

C:\Program Files\Microchip\xc8\v2.41\pic\sources\c99\common\Umul32.c estimated size: 110

C:\Program Files\Microchip\xc8\v2.41\pic\sources\c99\common\fltol.c
		___fltol       		CODE           	2CBC	0000	286

C:\Program Files\Microchip\xc8\v2.41\pic\sources\c99\common\fltol.c estimated size: 286

C:\Program Files\Microchip\xc8\v2.41\pic\sources\c99\common\xxtofl.c
		___xxtofl      		CODE           	1C84	0000	440

C:\Program Files\Microchip\xc8\v2.41\pic\sources\c99\common\xxtofl.c estimated size: 440

C:\Program Files\Microchip\xc8\v2.41\pic\sources\c99\common\__lldiv.c
		___lldiv       		CODE           	3604	0000	166

C:\Program Files\Microchip\xc8\v2.41\pic\sources\c99\common\__lldiv.c estimated size: 166

C:\Program Files\Microchip\xc8\v2.41\pic\sources\c99\common\nf_fputc.c
		_fputc         		CODE           	3196	0000	202

C:\Program Files\Microchip\xc8\v2.41\pic\sources\c99\common\nf_fputc.c estimated size: 202

C:\Program Files\Microchip\xc8\v2.41\pic\sources\c99\common\memset.c
		_memset        		CODE           	1FD6	0000	376

C:\Program Files\Microchip\xc8\v2.41\pic\sources\c99\common\memset.c estimated size: 376

Pulse_Meter.c
		_Pulse_Meter_Calculate		CODE           	1AA2	0000	482
		_Pulse_Meter_Init		CODE           	43DC	0000	10
		_TMR1_Callback_ISR		CODE           	439E	0000	14
		_Pulse_Meter_Display		CODE           	30B2	0000	228
		_CCP1_Callback_ISR		CODE           	2944	0000	300
		_Welcome_Message		CODE           	2ED2	0000	242

Pulse_Meter.c estimated size: 1276

C:\Program Files\Microchip\xc8\v2.41\pic\sources\c99\common\nf_sprintf.c
		_sprintf       		CODE           	3FB4	0000	88

C:\Program Files\Microchip\xc8\v2.41\pic\sources\c99\common\nf_sprintf.c estimated size: 88

C:\Program Files\Microchip\xc8\v2.41\pic\sources\c99\common\awdiv.c
		___awdiv       		CODE           	3326	0000	196

C:\Program Files\Microchip\xc8\v2.41\pic\sources\c99\common\awdiv.c estimated size: 196

ECU_Layer/Chr_LCD/ecu_chr_lcd.c
		_lcd_4bit_send_command		CODE           	3B18	0000	126
		_lcd_4bit_send_string_pos		CODE           	3E70	0000	114
		_lcd_4bit_send_char_data		CODE           	3B96	0000	126
		_lcd_send_4bits		CODE           	37F6	0000	146
		_convert_uint32_to_string		CODE           	3260	0000	198
		_lcd_4bit_set_cursor		CODE           	34A2	0000	178
		_lcd_4bit_send_enable_signal		CODE           	400C	0000	86
		_lcd_4bit_initialize		CODE           	2572	0000	344
		_convert_uint8_to_string		CODE           	33EA	0000	184
		_lcd_4bit_send_string		CODE           	3918	0000	132

ECU_Layer/Chr_LCD/ecu_chr_lcd.c estimated size: 1634

C:\Program Files\Microchip\xc8\v2.41\pic\sources\c99\common\abs.c
		_abs           		CODE           	4142	0000	66

C:\Program Files\Microchip\xc8\v2.41\pic\sources\c99\common\abs.c estimated size: 66

C:\Program Files\Microchip\xc8\v2.41\pic\sources\c99\common\doprnt.c
		_vfpfcnvrt     		CODE           	2818	0000	300
		_pad           		CODE           	3C14	0000	126
		_dtoa          		CODE           	1E3C	0000	410
		_vfprintf      		CODE           	4062	0000	84

C:\Program Files\Microchip\xc8\v2.41\pic\sources\c99\common\doprnt.c estimated size: 920

MCAL_Layer/mcal_layer_init.c
		_Timer2_Timer_Init		CODE           	4310	0000	40
		_CCP2_PWM_1KHZ_INIT		CODE           	40FE	0000	68
		_Timer1_Timer_Init		CODE           	42E4	0000	44
		_CCP1_Capture_Mode_Init		CODE           	4184	0000	60
		_mcal_layer_initialize		CODE           	436C	0000	18

MCAL_Layer/mcal_layer_init.c estimated size: 230

shared
		i2_CCP_Capture_Mode_Read_Value		CODE           	3750	0000	166
		i2_RB6_ISR     		CODE           	4416	0000	4
		i2_INT1_ISR    		CODE           	4426	0000	4
		i2_TMR1_ISR    		CODE           	41F6	0000	54
		i2_RB7_ISR     		CODE           	4412	0000	4
		i2_CCP1_ISR    		CODE           	42B6	0000	46
		i2_TMR1_Callback_ISR		CODE           	440E	0000	4
		i2_CCP1_Callback_ISR		CODE           	2B9A	0000	290
		_btn_values    		SMALLCONST     	1001	0000	16
		__initialization		CODE           	399C	0000	118
		i2_INT2_ISR    		CODE           	4422	0000	4
		i2_TMR2_ISR    		CODE           	43EC	0000	6
		i2_CCP2_ISR    		CODE           	4288	0000	46
		i2_RB4_ISR     		CODE           	441E	0000	4
		i2_ADC_ISR     		CODE           	442A	0000	4
		i2_TMR0_ISR    		CODE           	43D0	0000	12
		i2_RB5_ISR     		CODE           	441A	0000	4
		i2_TMR3_ISR    		CODE           	43C4	0000	12

shared estimated size: 798

MCAL_Layer/Interrupt/mcal_external_interrupt.c
		_RB4_ISR       		CODE           	43FE	0000	4
		_RB5_ISR       		CODE           	43FA	0000	4
		_RB6_ISR       		CODE           	43F6	0000	4
		_RB7_ISR       		CODE           	43F2	0000	4
		_INT0_ISR      		CODE           	442E	0000	4
		_INT1_ISR      		CODE           	4406	0000	4
		_INT2_ISR      		CODE           	4402	0000	4

MCAL_Layer/Interrupt/mcal_external_interrupt.c estimated size: 28

MCAL_Layer/Interrupt/mcal_interrupt_manager.c
		_InterruptManagerLow		CODE           	0018	0000	584
		_InterruptManagerHigh		CODE           	0008	0000	598

MCAL_Layer/Interrupt/mcal_interrupt_manager.c estimated size: 1182

MCAL_Layer/GPIO/hal_gpio.c
		_gpio_pin_write_logic		CODE           	26CA	0000	334
		_gpio_pin_direction_initialize		CODE           	22B6	0000	354
		_gpio_pin_initialize		CODE           	3888	0000	144

MCAL_Layer/GPIO/hal_gpio.c estimated size: 832

C:\Program Files\Microchip\xc8\v2.41\pic\sources\c99\common\putch.c
		_putch         		CODE           	4432	0000	2

C:\Program Files\Microchip\xc8\v2.41\pic\sources\c99\common\putch.c estimated size: 2

ECU_Layer/ecu_layer_init.c
		_ecu_layer_initialize		CODE           	438E	0000	16

ECU_Layer/ecu_layer_init.c estimated size: 16

C:\Program Files\Microchip\xc8\v2.41\pic\sources\c99\common\nf_fputs.c
		_fputs         		CODE           	40B6	0000	72

C:\Program Files\Microchip\xc8\v2.41\pic\sources\c99\common\nf_fputs.c estimated size: 72

application.c
		_main          		CODE           	3F50	0000	100

application.c estimated size: 100

MCAL_Layer/Timer3/hal_timer3.c
		_TMR3_ISR      		CODE           	43AC	0000	12

MCAL_Layer/Timer3/hal_timer3.c estimated size: 12

MCAL_Layer/Timer2/hal_timer2.c
		_TMR2_ISR      		CODE           	43E6	0000	6
		_Timer2_Init   		CODE           	3A1C	0000	126

MCAL_Layer/Timer2/hal_timer2.c estimated size: 132

C:\Program Files\Microchip\xc8\v2.41\pic\sources\c99\common\sprcmul.c
		___flmul       		CODE           	108A	0000	1068

C:\Program Files\Microchip\xc8\v2.41\pic\sources\c99\common\sprcmul.c estimated size: 1068

MCAL_Layer/Timer1/hal_timer1.c
		_Timer1_Mode_Select		CODE           	3A9A	0000	126
		_Timer1_Init   		CODE           	2FC4	0000	238
		_TMR1_ISR      		CODE           	41C0	0000	54
		_Timer1_Write_Value		CODE           	4338	0000	32

MCAL_Layer/Timer1/hal_timer1.c estimated size: 450

MCAL_Layer/CCP/hal_ccp.c
		_CCP_Capture_Mode_Init		CODE           	2418	0000	346
		_CCP1_Interrupt_Init		CODE           	3D82	0000	120
		_CCP_Capture_Mode_Read_Value		CODE           	36AA	0000	166
		_CCP1_ISR      		CODE           	425A	0000	46
		_CCP_Init      		CODE           	2DDA	0000	248
		_CCP2_Interrupt_Init		CODE           	3D0A	0000	120
		_CCP2_ISR      		CODE           	422C	0000	46
		_CCP_Capture_Compare_Timer_Config		CODE           	3DFA	0000	118
		_CCP_Interrupt_Init		CODE           	3C92	0000	120
		_CCP_PWM_Set_Duty		CODE           	214E	0000	360
		_CCP_PWM_Mode_Init		CODE           	2A70	0000	298

MCAL_Layer/CCP/hal_ccp.c estimated size: 1988

MCAL_Layer/Timer0/hal_timer0.c
		_TMR0_ISR      		CODE           	43B8	0000	12

MCAL_Layer/Timer0/hal_timer0.c estimated size: 12

C:\Program Files\Microchip\xc8\v2.41\pic\sources\c99\common\sprcdiv.c
		___fldiv       		CODE           	14B6	0000	924

C:\Program Files\Microchip\xc8\v2.41\pic\sources\c99\common\sprcdiv.c estimated size: 924

MCAL_Layer/Interrupt/mcal_internal_interrupt.c
		_ADC_ISR       		CODE           	440A	0000	4

MCAL_Layer/Interrupt/mcal_internal_interrupt.c estimated size: 4

